Text:
Hledani:
Nalezeno: 1, 6
Nalezeno: 1, 4
Nalezeno: 2, 3, 3
Nenalezeno
Nalezeno: 1
Nenalezeno
Nenalezeno
Nenalezeno
Neplatny dotaz
Nalezeno: 1
